// Jest Snapshot v1, https://goo.gl/fbAQLP

exports[`test component 1`] = `
<View
  style={
    {
      "alignItems": "center",
      "backgroundColor": "white",
      "flex": 1,
      "justifyContent": "center",
    }
  }
>
  <View
    accessible={true}
    collapsable={false}
    focusable={true}
    onClick={[Function]}
    onResponderGrant={[Function]}
    onResponderMove={[Function]}
    onResponderRelease={[Function]}
    onResponderTerminate={[Function]}
    onResponderTerminationRequest={[Function]}
    onStartShouldSetResponder={[Function]}
    style={
      {
        "backgroundColor": "#282C35",
        "borderRadius": 20,
        "opacity": 1,
        "padding": 20,
      }
    }
  >
    <Text
      style={
        {
          "color": "white",
          "fontWeight": "bold",
        }
      }
    >
      Switch
    </Text>
  </View>
</View>
`;
